Verifying with decimal (base-10) digit sums...

✓ 4 (n=2): root=2, decimal_sum=4, 2 == 4-2
✓ 25 (n=2): root=5, decimal_sum=7, 5 == 7-2
✓ 64 (n=2): root=8, decimal_sum=10, 8 == 10-2
✓ 125 (n=3): root=5, decimal_sum=8, 5 == 8-3
✓ 216 (n=3): root=6, decimal_sum=9, 6 == 9-3
✓ 343 (n=3): root=7, decimal_sum=10, 7 == 10-3
✓ 2744 (n=3): root=14, decimal_sum=17, 14 == 17-3
✓ 196 (n=2): root=14, decimal_sum=16, 14 == 16-2
✓ 289 (n=2): root=17, decimal_sum=19, 17 == 19-2
✓ 3375 (n=3): root=15, decimal_sum=18, 15 == 18-3
✓ 4096 (n=3): root=16, decimal_sum=19, 16 == 19-3
✓ 3518743761 (n=6): root=39, decimal_sum=45, 39 == 45-6
✓ 13537086546263552 (n=9): root=62, decimal_sum=71, 62 == 71-9
✓ 15633814156853823 (n=9): root=63, decimal_sum=72, 63 == 72-9
✓ 50714860157241037295616 (n=12): root=78, decimal_sum=90, 78 == 90-12
✓ 188031682201497672618081 (n=12): root=87, decimal_sum=99, 87 == 99-12
✓ 4817904819828488880132096 (n=12): root=114, decimal_sum=126, 114 == 126-12
✓ 13214788658781797667045376 (n=12): root=124, decimal_sum=136, 124 == 136-12
✓ 45587487211290846582931833112449 (n=15): root=129, decimal_sum=144, 129 == 144-15
✓ 112410921330388974282595778471993 (n=15): root=137, decimal_sum=152, 137 == 152-15
✓ 2110793531984003898618755091514405903089 (n=18): root=153, decimal_sum=171, 153 == 171-18
✓ 2373411132289445384862704813118578753536 (n=18): root=154, decimal_sum=172, 154 == 172-18
✓ 21936950640377856000000000000000000000 (n=21): root=60, decimal_sum=81, 60 == 81-21
✓ 1140408956767181228576535097649472521057672401 (n=20): root=179, decimal_sum=199, 179 == 199-20
✓ 1590112163465011569715575123373973989806309376 (n=20): root=182, decimal_sum=202, 182 == 202-20
✓ 58766506252338902465929444319996444416987365376 (n=20): root=218, decimal_sum=238, 218 == 238-20
✓ 282429536481000000000000000000000000 (n=24): root=30, decimal_sum=54, 30 == 54-24
✓ 16956632613072176343072690201141294834191107359 (n=21): root=159, decimal_sum=180, 159 == 180-21
✓ 143141651667446561018375183315400380757548466176 (n=21): root=176, decimal_sum=197, 176 == 197-21
✓ 1232329482098175734323126963035983562469482421875 (n=21): root=195, decimal_sum=216, 195 == 216-21
✓ 18910603031909517609304823750309063692518962297803044801 (n=24): root=201, decimal_sum=225, 201 == 225-24
✓ 60642755569251721051825347145284750598352016699053900641 (n=24): root=211, decimal_sum=235, 211 == 235-24
✓ 7869944546242677079832297883500361344318282468613 (n=21): root=213, decimal_sum=234, 213 == 234-21
✓ 432565198775027757541386263571641174494911726633070046881 (n=24): root=229, decimal_sum=253, 229 == 253-24
✓ 986189340985768148539252532285173126132445308534299563361 (n=24): root=237, decimal_sum=261, 237 == 261-24
✓ 1091055817646625795455457561013662661329889002470596673536 (n=24): root=238, decimal_sum=262, 238 == 262-24
✓ 2417851639229258349412352000000000000000000000000000 (n=27): root=80, decimal_sum=107, 80 == 107-27
✓ 76604462866808947590912718035514036518624765670311622283735143237 (n=27): root=253, decimal_sum=280, 253 == 280-27
✓ 401154400007864525293076666488251465933515564145892804685372694389 (n=27): root=269, decimal_sum=296, 269 == 296-27
✓ 1074764933943733925926117695565367099386563321014220003399478089159 (n=27): root=279, decimal_sum=306, 279 == 306-27
✓ 26127658919154948489956745162719548364053067950259669603674335739904 (n=27): root=314, decimal_sum=341, 314 == 341-27
✓ 66198895948970771594365992036401724618599473615176975727081298828125 (n=27): root=325, decimal_sum=352, 325 == 352-27
✓ 23225154419887808141001767796309131000000000000000000000000000000000 (n=33): root=110, decimal_sum=143, 110 == 143-33
✓ 1720585073126277730750883279108987844559807536365909556868691427087062401024 (n=30): root=322, decimal_sum=352, 322 == 352-30
✓ 38027253469443516239359287575182216681731877631445830810410227146285341120363757568 (n=33): root=318, decimal_sum=351, 318 == 351-33
✓ 86333789135878534540605476859595401223213335326171621441851034223217894456322686976 (n=33): root=326, decimal_sum=359, 326 == 359-33
✓ 615901497682280256524364764357410576220368836807980629833547854082214396540628238336 (n=33): root=346, decimal_sum=379, 346 == 379-33
✓ 1192793538417798803803249939492655161581058001964585342324596915490065528249221279073 (n=33): root=353, decimal_sum=386, 353 == 386-33
✓ 29399290103359847112848564093416147227527846497780746745179197785896582201511965368069 (n=33): root=389, decimal_sum=422, 389 == 422-33
✓ 3288718439144696851706538676553371715464769630098213883921120015396454470496185775171720708096 (n=36): root=396, decimal_sum=432, 396 == 432-36
✓ 12404779416033477083346386021484135451734295564171224448403187941071389925522108458120083928279121 (n=38): root=359, decimal_sum=397, 359 == 397-38
✓ 43272159115115689058102802894985369243358959616347013180634862722482786461461452110993204005512761 (n=38): root=371, decimal_sum=409, 371 == 409-38
✓ 350647338445553155481705655651084850249366569973482377866146572713162250734418733141181551591030784 (n=38): root=392, decimal_sum=430, 392 == 430-38
✓ 21978218456504393219604808476305310574554648814189321602460832206804757618911179101253713016991514624 (n=39): root=374, decimal_sum=413, 374 == 413-39
✓ 1460789204069832073885480508098414293568234329638459704380397233116313250714486028358567647900524849 (n=38): root=407, decimal_sum=445, 407 == 445-38
✓ 240853296366604441364234217964444502875744809722979549184000000000000000000000000000000000000000000 (n=42): root=220, decimal_sum=262, 220 == 262-42
✗ 213571^38 ≠ 33314287717493957588323013086514661481803846753222912260442278304831655936457114959406246589061457560121791875290293467977043846063074777896904213198145991258077064927092191413185433997255376744429311529
Parse error: - 39 (invalid literal for int() with base 10: '')
✓ 47285134756977595215463017245516978263299136846156079004927568004679853713998876392284433491202932736 (n=38): root=446, decimal_sum=484, 446 == 484-38
✓ 23014068538906883346113685550849992948678682960533736638106936030427730488563245556013973931539893253183 (n=39): root=447, decimal_sum=486, 447 == 486-39
✓ 3647484971166630537326177187683614250377429688856806963960861705965872597056448192605364167308889677964789 (n=39): root=509, decimal_sum=548, 509 == 548-39
✓ 49246904381307042582920885936668019030323261371086345503246199466346045650240040537626456753127807731238136881 (n=42): root=409, decimal_sum=451, 409 == 451-42
✓ 3947715256135135166066395892481286648280449616353318983310763153075879111644438742549841311520743787307693244416 (n=42): root=454, decimal_sum=496, 454 == 496-42
✓ 8221725509973452344618909622415989692682661128431861757687541159044258067230089415141834283955266470248231993344 (n=42): root=462, decimal_sum=504, 462 == 504-42
✓ 13774006807039200206144412946848713861300299021871112168619120622190499086236183650173444986822306128814753400573919232 (n=45): root=422, decimal_sum=467, 422 == 467-45
✓ 274122311005692321640945760228685623456645970227999816155182160120368669703375595148089112602170856231563234516670495251 (n=45): root=451, decimal_sum=496, 451 == 496-45
✓ 7217357819149944126883572264406618437033333615404626976408583245159696752931435481086903592995440703816711902618408203125 (n=45): root=485, decimal_sum=530, 485 == 530-45
✓ 8685668594758239752530032665230723798048965174205201292971288330453730908563237560358721562052603591525838306078726094407 (n=45): root=487, decimal_sum=532, 487 == 532-45
✓ 18081479028747686032183943029833652539274191700210214508706385191185959595234825902710568328757290146313607692718505859375 (n=45): root=495, decimal_sum=540, 495 == 540-45
✓ 82631996098781074868989413504096379978550585370535152410581099409300723904538918228148651304964410605948901503127919788032 (n=45): root=512, decimal_sum=557, 512 == 557-45
✓ 90215556000266354402817899426654688238780179315081300870777493486900830665532063893670949525999968141132039966423871150593 (n=45): root=513, decimal_sum=558, 513 == 558-45
✓ 4300622818453627990990984729949907066389669388956503964438874611125742308872082868057457281254939042647455957324139603801199 (n=45): root=559, decimal_sum=604, 559 == 604-45
✓ 4303070118449612412634737917507806945230521238510111028167106227992390520763817269924414069569206683731499425663449974080752582656 (n=48): root=502, decimal_sum=550, 502 == 550-48
✓ 11466909515783561805968708806579364856256360975236382618853236885073480424031000000000000000000000000000000000000000000000000000 (n=51): root=310, decimal_sum=361, 310 == 361-51
✓ 4851718961439982320733272244982916052048716297096526873914397761223923065641996402442819144206158012459374371409525833303336830005122433024 (n=51): root=524, decimal_sum=575, 524 == 575-51
✓ 32775089371811424215383048748185151739256430751652291990373525674268901069176028381161195275532849604633531972105709238184451140717635436544 (n=51): root=544, decimal_sum=595, 544 == 595-51
✓ 324134744447861723502495736821617307972267303247347542940302575962480509651616188820983340032527697919387370909746288277028070247063833006569 (n=51): root=569, decimal_sum=620, 569 == 620-51
✓ 3755699943329025278236486405094146967143530351502723781395669775209312255960908550954671386005699265667008146680279599422991107444180706308653 (n=51): root=597, decimal_sum=648, 597 == 648-51
✓ 115561748650437480832703856047160670872798133232980813977636401654100343050265571777207968313959098292998014633314496311631345062257817014412221874176 (n=54): root=576, decimal_sum=630, 576 == 630-54
✓ 3051945653936603992709247257812454701987944791175705364947352065370230677953960662162751235716450988836530838426160864747233027512246027619560339800064 (n=54): root=612, decimal_sum=666, 612 == 666-54
✓ 6713460059965718677037577662974585106643782500070776476131782296531074237544367395722241566346250311887230812468859572655322564712136683561183393181881 (n=54): root=621, decimal_sum=675, 621 == 675-54
✓ 132795589027004390822459451775490612366715544676940084043021288188312184135865039957925767075910526097570163676033287998787075394155568314714422742444972506162591 (n=57): root=671, decimal_sum=728, 671 == 728-57
✓ 87986676543905947113619415346849082866844616574665912074799704328283975875352767068710505555776462575659594160858879844850606174795073306421195190708408331767119872 (n=57): root=752, decimal_sum=809, 752 == 809-57
✓ 194266889222572907091946190682351890664240683905213952125181240973890428520520849817600000000000000000000000000000000000000000000000000000000 (n=56): root=320, decimal_sum=376, 320 == 376-56
✓ 254070478774138518654018061848950668832077142388556547027238462642736322334242533571683004578893919839154357031913845168262863334874029528968447168093750296576 (n=56): root=674, decimal_sum=730, 674 == 730-56
✓ 2911179014635990528709628755893180025053978549474537148562371704274605599228598167366603945379201343989944502974747236390650160268652302306853965595858903760896 (n=56): root=704, decimal_sum=760, 704 == 760-56
✓ 590295810358705651712000000000000000000000000000000000000000000000000000000000000000000000 (n=69): root=20, decimal_sum=89, 20 == 89-69
✓ 17644912335839907789310636154008556781254973259911500001802132511260768207671374098304809952730043418244474695686817181525282238460451128847874454980687983918812160730540393790538786053040409 (n=66): root=763, decimal_sum=829, 763 == 829-66
✓ 115223525192562712632795280670903783301040412405244820795987295131175042317667802838989307819655052681361485847815379361680624070670611160106195474230025752171103325132157945905796713845835588970112841315897601 (n=72): root=801, decimal_sum=873, 801 == 873-72
✓ 5897475411007621230332225301520403380790289131361584235794111383275264286129329157560167820659895593850744350293864786871666830111599955370871581431430919893959163602833460505060057990346391784446564256622575616 (n=72): root=846, decimal_sum=918, 846 == 918-72
✓ 128579181722310800601781688627158099303649290556447669864070816177411009993932360913800550951265218246384328325957181961808928917155230179653878717474210010245399742553933690529309849491519461790628038018688464161 (n=72): root=883, decimal_sum=955, 883 == 955-72
✓ 266851418106344493765554400197556783785419019262548085395829817113297482813465756142316813223263530591543291379557592913103189877755187903345915492332437781703983874362231888149955901083240670544772560610641575936 (n=72): root=892, decimal_sum=964, 892 == 964-72
✓ 2843100478162198078973405893238859363771534197149389302688042542205825857185769880279148035455769170807855486805253773667797252760673957594620235789285877560372828298795866430737078189849853515625 (n=66): root=915, decimal_sum=981, 915 == 981-66
✓ 5490037326157087069843085615086401357043282709432027578637615570292809430487845339026040642437349744444350649890521181339535790823770675693949140680659247315097774379480777711036574355762900572705936359 (n=69): root=839, decimal_sum=908, 839 == 908-69
✓ 945413289484640907067283339768890091027896315274973548083517428752683046997644242688997368359966109349971513372540209807164370289323177856995898184136982332608125138624160674271958185340121648528615276544 (n=69): root=904, decimal_sum=973, 904 == 973-69
✓ 3684966573436843659155973830855898002560519059907291242791118178500479064636882085922695865502065057379484075317230057476983855857796478861678363517389977128840530903260094170728752257355485945670288801792 (n=69): root=922, decimal_sum=991, 922 == 991-69
✓ 18892385294382161947138193207276406314261705265570726454231464952471242213505320250988006591796875000000000000000000000000000000000000000000000000000000000000000 (n=63): root=350, decimal_sum=413, 350 == 413-63
✓ 111444219848545291112918149658401217019177846881717006276548100629318214534968256903948922840416256000000000000000000000000000000000000000000000000000000000000000 (n=63): root=360, decimal_sum=423, 360 == 423-63
✓ 24156855890876927221129170963771537469197703104164032942982081346846935422017318816900218832227073221889425204164907729638623338294583741804982278267143432999723387735010892869376093 (n=63): root=757, decimal_sum=820, 757 == 820-63
✓ 46845773545709906565079115706084531909717043411248520948828394677464963184050454922446690873494018729260295249048613683467453998129431493317904877660140527950716204941272735595703125 (n=63): root=765, decimal_sum=828, 765 == 828-63
✓ 55698971346697340907926120477608965244777903937670608570418025898953328386073643674335801859843719912888457929466425663045144868922813740099237744556419859918986499303712063397419810816 (n=63): root=856, decimal_sum=919, 856 == 919-63
✓ 81323042028431475333150653420175379418781410983463656183109057601722419582120122139608429348740792352856487923418171703815460205078125000000000000000000000000000000000000000000000000000000000000000000000000000000000 (n=81): root=450, decimal_sum=531, 450 == 531-81
✓ 2972314574205263977921963511411594121015173303843930982837155769940207255661440929966105366010091991608081974926207449027150733461672095910844481415019432358942584599787239207543177561124216548652704217069980540207104 (n=74): root=842, decimal_sum=916, 842 == 916-74
✓ 35800082579992322685054954349868503902839464768568233508746263261961693293182325490705892825734364653386079750815700305027955802819663839215980349959832669002524327904035703491978452048218233125940988189603440248745885696 (n=74): root=956, decimal_sum=1030, 956 == 1030-74
✓ 349658849659984231581736042343710623140626323150099286346063670589226145642824946595556147924100975335060810636389783173305539319915202320203111913013484931067328114561057615167620765787737002362331025531902798832056264787769047889 (n=78): root=903, decimal_sum=981, 903 == 981-78
✓ 381186557663991726462521920523635079192799704814001029735114353722784115461350646244678218009858308614270345912261035104795138137159065023012932685460170451930690056054672606679566004535665037518445919599777862497686181044065140736 (n=78): root=904, decimal_sum=982, 904 == 982-78
✓ 1630238537749621406813316109612983799283149269556883835574340627232241334824066969639428809106627110499900312632842498465436824131223181287411468130269475114531401717122607600784144858107503733778445076980711042533189747667546098961 (n=78): root=921, decimal_sum=999, 921 == 999-78
✓ 307628082752383773970233690832545666992003112137475443475983115505004095126725591075741857049446175544927664105644527374594479779111197363714169367596961328868929032921453467564232259646379353569545234137194711365737020969390869140625 (n=78): root=985, decimal_sum=1063, 985 == 1063-78
✓ 95401060943355112136312922744670339622892049165360129856371096562279762057020736699020846079241253797450305982606810230556468131838320640980004456905351190515861282592249245561335574433483694408464454230144204021857209014559919115643912192 (n=81): root=892, decimal_sum=973, 892 == 973-81
✓ 9298207451673188002416524744096333718364768695688996827282560631834509173571714146868930692733532599936587577391647954347131441559920361292841002290734471943914988856632527727955378375415045451986157103684659495291118872921724058800361 (n=78): root=1029, decimal_sum=1107, 1029 == 1107-78
✓ 211441191663850015917225955058071749389475734440551530046942942558371988423422196507219440359314639834873873046537345596765835456290080608491757121937260793153242787445396072072214082091511196844779909615531942702662263301398970421574448415381 (n=81): root=981, decimal_sum=1062, 981 == 1062-81
✓ 8653781617831597496959137259997449733097069495471234454393473332551593313439411507115545708439151058652113302857049499034450069995480255054560070562259771490762633002488761144008842732031179247965382430469985776441768404331986949704548342546627 (n=81): root=1027, decimal_sum=1108, 1027 == 1108-81
✓ 998293538698180918858538703978405598458438366314818365438054712749035029222622916534335177892496634006379265636276852040854600143506714324793060204995839274090250469141254929690488088299487946611878526144413712881759658398244118940957037567924289 (n=81): root=1089, decimal_sum=1170, 1089 == 1170-81
✓ 116886191254588143205579613435103738877126736933241868716236434437753599267814214307985160858088479956591213318447425383135066251000000000000000000000000000000000000000000000000000000000000000000000000000 (n=75): root=510, decimal_sum=585, 510 == 585-75
✓ 661525408295623545871742268392253819561974842065738041376526001884479831058775064513367033968330305851470367873790879078286478270558563640052004901909450674668152131300685914496702682950630582810171456851855569254552415443 (n=75): root=907, decimal_sum=982, 907 == 982-75
✓ 123384512365131175876514217704545263099523678442030303535446449906989883872609487293382941924179105171717465747903725455600276063376293092059307900255624469760850560736615617050218791590676940712384569122118817436083163206361847988516166479659881807596561 (n=84): root=1059, decimal_sum=1143, 1059 == 1143-84
✓ 17056877324601123170475503578332997874190169761688754984958098635921465621368293706494312240854911188570044313952091981096805820970953565786457415594746979300922497997655459869533108805746505314343770492915353697423220800554874295777625762129752485821383441 (n=84): root=1123, decimal_sum=1207, 1123 == 1207-84
✓ 154742504910672534362390528000000000000000000000000000000000000000000000000000000000000000000000000000000000000000 (n=87): root=20, decimal_sum=107, 20 == 107-87
✓ 2619602763909278630779532367663996861213512034071751089292652054066123722756822771170053592243575790708285943170538951352655233609300917168977704074084352000000000000000000000000000000000000000000000000000000000000000000000000000000000000000 (n=87): root=580, decimal_sum=667, 580 == 667-87
✓ 52900774196374213333369875875479823311849750762076579603530948025255506547670739371098219977217624962402904690122172094712826861950816237367689609527587890625000000000000000000000000000000000000000000000000000000000000000000000000000000000000000 (n=87): root=650, decimal_sum=737, 650 == 737-87
✓ 4744798918330551171180617284481429834305801228466171779877713503983285104041580486246648664690007380441848356718808531139955344113236484486564044820572702230446110664992751616000000000000000000000000000000000000000000000000000000000000000000000000000000000000000000000000 (n=96): root=660, decimal_sum=756, 660 == 756-96
✓ 2237035018722759097558045140475899146629616717018281758836664169456981821163196393667698325554256804371074274869089838501518954465257537827251395694437992186941469277092906405255121797727676939134631749562241505909452814262641387703761294075361666690822915553868037727 (n=87): root=1183, decimal_sum=1270, 1183 == 1270-87
✓ 48452627418689878111200162644441302735824583924774017693027589553572555334704742524837896221726425963925016892156026094850718243131741907332040290455242293583373044336057650255141455846601951936346569665471608271261434286806442892339862481592838773233861116112857650116382973901172083 (n=93): root=1123, decimal_sum=1216, 1123 == 1216-93
✓ 7760256560435307991547743056274722744804808551298505883372868285334846521713854988425798203839908586117780404486078470261576079159954582821743155103689639051177767351326523608361605086380110842805949910720055360067223046969614031963887450013478328654102719760876702314488059273471328256 (n=93): root=1186, decimal_sum=1279, 1186 == 1279-93
✓ 62958515696744519268049619133349698417632813235285515890380043546053166841320161251250951378848555229388556109211357112579150758166539761856170678609049820099641392977416517495408073899538902154960344653888917614783232314177567205137776482013429931925498853375142930357285023356557617453 (n=93): root=1213, decimal_sum=1306, 1213 == 1306-93
✓ 3599131035634557106248430806148785487095757694641533306480604458089470064537190296255232548883112685719936728506816716098566612844395439751206812144692131084107776000000000000000000000000000000000000000000000000000000000000000000000000000000000000000000 (n=90): root=640, decimal_sum=730, 640 == 730-90
✓ 681982439817390603868733125984895298480509073454943391619247911595813470307291098964150747249353689201466061344872248830624411360764510137169828791069899487716044401121373209066143650806708668668503331548114095964110173703462119615532673131506207958162525198956248205398657008382913443667887783936 (n=96): root=1236, decimal_sum=1332, 1236 == 1332-96
✓ 575994782050642849368212956928722556616208504094998557183643488588857909370687516932136802513185500878259966934638422497777562273147890005489882871867050908659125706067660056518056850098876491013810198743426993489382378389101895859767318813765811799855991982040425555083322508389098694115328 (n=93): root=1338, decimal_sum=1431, 1338 == 1431-93
✓ 479791306822194938857236524285152242629315680141161714542770880503757459776025026511766812620774637521374815361671276972465085550792711561628402216528689253734829804026839260717465060094771682437357518615455176004244366892216213581686250219155806413323586701360522726560801 (n=90): root=1071, decimal_sum=1161, 1071 == 1161-90
✓ 5839382388266143771084825531154989521738735716773731600103474335361691443111387585946358310979375176111041793569038241326785494557847246504295674770426876622774790685013979662951153356933937282599572825730640635959432599202002691443392237623971022803655868792646243699368753401 (n=90): root=1189, decimal_sum=1279, 1189 == 1279-90
✓ 79492764914001705640271830992279487846293720642234525496302320585741589275708949155245218985719147581314096539211914753816764404678024431139643138973006861279385888968436615775480283140958890756341851286842529226874471717268634339408562366578238873485937690409877474331775205376 (n=90): root=1224, decimal_sum=1314, 1224 == 1314-90
✓ 158555975991758453021239362603085567782753688614230090463352642848707199150262711200564944078914504609372182135065113956957579792939474043885903708313458565663320173468116252481563535177435026815228289200553199182188564166419144983539027837536298007855555840082523035558003358100721 (n=92): root=1139, decimal_sum=1231, 1139 == 1231-92
✓ 14166694481384843531397876714260083260926443078817706962581677635738158775051276090409185744002872490569625281466830499760837134552834161271473825307389897658366607272791181860329846249804837774391444174621022504720661868597102344565283872041859131063273722677743205868198246236553216 (n=92): root=1196, decimal_sum=1288, 1196 == 1288-92
✓ 93657338818695041308098058324885116988308509474827187577265199711724198134726589282293631681469809988282294239931997108967904730992784061417198895704379875872900178016879273777031920766505642466902187281915086115023677009865976201925781923699883054847879492561024193659540936780421267456 (n=92): root=1316, decimal_sum=1408, 1316 == 1408-92
✓ 40564819207303340847894502572032000000000000000000000000000000000000000000000000000000000000000000000000000000000000000000000000000000000 (n=105): root=20, decimal_sum=125, 20 == 125-105
✓ 13636860438837281276431948996512043201326045570797900106967423103800353901391760033193356867081184970676785017327650644467843032040020569181345242689863054197323751210044385192127000000000000000000000000000000000000000000000000000000000000000000000000000000000000000000000000000 (n=99): root=630, decimal_sum=729, 630 == 729-99
✓ 2252380379393232170473002307147800336767037950077398632114559573537842004227407714551093548981776985129624590428369458812424264448275554172180243962352713293047630321332341554799512573097199027545732186288204738455897275838226803517170802324354646587632839582287085353980641181375926003490663375365097939107 (n=99): root=1243, decimal_sum=1342, 1243 == 1342-99
✓ 13558084115070090081171216931176714213647962418932210404924174401229546405102809930871581609871837805387440071933712999059768960337906314625376556358139138685342221669186401848601608716147291993139535928214807464702347003567729362932979050059800309996950792445276694800220421421839205279274819557035482131874355520049 (n=102): root=1257, decimal_sum=1359, 1257 == 1359-102
✓ 3325587462323186513360563521754558466433081568242152057098060502270446308964007238206557555684822256484101981263693499113400347332353710719773580747384499632040579788210242898574497426080443830040129836011452310612254078527685032887057343900107077074640534715328302016179496743503856562072649588919536264565879665979039286296576 (n=105): root=1316, decimal_sum=1421, 1316 == 1421-105
✓ 17722958550372677316681545858941277455820864018687532459377795140974531464054670123034519824298885688200736595074100848103530846380076087327835385289351357400715606408768645119512589408002201964683942853942321063188473746581898406401010173859274765766005392835313601713877601674099126152481273054608794849657213246256739051162457493634809856 (n=108): root=1414, decimal_sum=1522, 1414 == 1522-108
✗ 2654207^105 ≠ 325954071749193176005973670113535989999315090790321738598815812436223504791144104741340983968079772186792786595655882926893451435103399085997819682401477372269629849615681035843168313886473692916351666720647701028919457835825682373507752409603078134088146046177323232396717210803682237429021505220721512084552310349416049105936673720877711364694853509391403320246597129979747470156421891099922623894366858041695818250378464683014455884206867203151619759589663172601110661617578344324488705633564997589582608997108766759496931246664511811688469935210844850612533856246703699509369967449727038969885355329680403145477234598304557256252164237694322084875246172378466632677195776
Parse error: - 108 (invalid literal for int() with base 10: '')
✓ 2198468259792172721567601431212561384330094408023268344927254079883727061717364996303000378724218917918015304292770671173393263951627087028855676746125642190412259002478532789862867589133392158322314855198965146460894429626568863419505699739030813512841730358971801710417092478779576460398445100634787618565086105441344089522996335721891778651334206087 (n=111): root=1463, decimal_sum=1574, 1463 == 1574-111
✓ 18030942286137562764308554271748466398885164756143579020461260648542646368503669195824398314160070741766380761518010987557388310249360164677137449959608287690243546716667408328238752938333160129871318088415486181867920918236212868750273511911885685896447833335888570635286620439673646706821101285844263424699382437244285522503509018963189259200232660891 (n=111): root=1491, decimal_sum=1602, 1491 == 1602-111
✓ 68313355030862668936816724840653426210867120873469965477780191636440796686476189859950192923922338830952614729246384324114220025057978148194320159506312033051387331177356679437451637271804255922641454392782706285728499655242308172427810945557851855194891044830658112058378228543853374712479701728910619928379078691127029944345696759601858399660674872109 (n=111): root=1509, decimal_sum=1620, 1509 == 1620-111
✓ 702430323961630760330308524693920701118633836091329528140766129374420247427976490155437188799723938258459830338136317091758343458937922662334837945814796539571311104618160126340864139424718730446495365224289046491302877863009252711382386536094679312555090108326845658585351207736586136156082331251044713617169355521129297583195241672558395947037798130711003136 (n=114): root=1434, decimal_sum=1548, 1434 == 1548-114
✓ 6367962230930800405716739296304503081171428940310713583167221213533032356809458062872212740532579809005974351894357993339955623153155573070676720134447317382359886720819186558116187656254148881016127955647885363846381150952452336548021663187574024049491073007226480276787430279619502709273450952765220646920937792011642044288798808801769932228259135889252286464 (n=114): root=1462, decimal_sum=1576, 1462 == 1576-114
✓ 369011706215686513188595286220472203769669311476196331190830943517289946919966436188170173747241838725819461921085847505907540810841082442428090571279886320483622199231705188689858271807716761546924870660667128007652914000973457674916655056276191465911929999305617026167302283602399821014456589520272198671681397611206800792038595915300902561284601688385009765625 (n=114): root=1515, decimal_sum=1629, 1515 == 1629-114
✓ 724913584715710792035146349215233210567332564683662283186130884898413433598823684522164606828463885403198320758451747426293457375589738837323320386297061363935403719227017416733308322762042966742543342320346195338540613521734154638433411228172457386984753812279448192899181700499465571887199653949619875047054095816611978292417800485649330564108385594819295051776 (n=114): root=1524, decimal_sum=1638, 1524 == 1638-114
✓ 2764512789764615616733589912490832029349519963110084191045824644390766117261095383172473850036665765453002580631390838144268387969394720516952988382235650637805831829637615701039822813755292317850411691229409332642845632919833443346852726818087341950465723184957941438106279487749609308415163296696961120828463204091678720083978413043965291396693728942984217493504 (n=114): root=1542, decimal_sum=1656, 1542 == 1656-114
✓ 5367165049016360768453774843447150693449925433232468452277123995753693563378855396204790605565809339872914866311277696571538363776462002397147484483462177976814804126263232456268495479878762906655125324325704238667633851835141969711156992615585498645516087906383016495136373958830167903246724005014012668029602478667120955762790527211841488104126288805410827679201 (n=114): root=1551, decimal_sum=1665, 1551 == 1665-114
✓ 38388210853174470541918820761466768927928215426039460112175169275328819906765000830386366720994025521175771249983689974504151278872067235469892866467319646647570397872601165956946306492168281133774965054934690093959415086619049466464817801029457640883414187982969392107789143475667091391920644162555414190000886545892312230203177471232972994646567471672468642463744 (n=114): root=1578, decimal_sum=1692, 1578 == 1692-114
✓ 38300847564433554264153014099546268747742148451157790269996618122532053739759756007539356750977845548967146331973434020033564273202047217841195854106543166091890335823121394347926216952598153527346504645516700888482380041512285199200517727822580861350448445722436183856318538170040972999355839887544633083106548898655319135286845266819000244140625 (n=110): root=1415, decimal_sum=1525, 1415 == 1525-110
✓ 2950251909752763627686393858568263863019702615452101733245814904495517775736920679508847786981586395636921649799209014002715554183114279877196384332704468292256811326492132374862314960245574334428702786693536738991017928001580789360801209625187099784579194009331360974131463413299129109838336528706301291323278086988086005435302803739998172085223424 (n=110): root=1472, decimal_sum=1582, 1472 == 1582-110
✓ 14014540074016383663644584054669603760607867914979832030273429964297569620278420856718686893702078790461925974216759573201373441605960598634369441613799697197945236158847341391758464869221863744781863949501505322065278831669846579795180854946324468035168325700660501113090920479926035312161205105209936719185318318873987302407879605397773355713010249 (n=110): root=1493, decimal_sum=1603, 1493 == 1603-110
✓ 4386289696833067627882225113637248553955193941070057391238617156649083732757296164526291082647820965758562814424491054456604042837405140361250722096502436185437451137801626359360622924193043305302274496714331867121123283163484357707266457683407542019963374900361443363984159247138001500449933324910990452943398561969872757656797592857681984725318729726919372413937082486411 (n=117): root=1531, decimal_sum=1648, 1531 == 1648-117
✓ 882091982154893972071064046550797962207143948898192934471215193728139788720034680959244177962106602242882863707719406814331499284711245497146038998436571457568767251667657609625709002996310923185937924002046101165364551106649419148668655564444647583107851023757694076789578216896163825034038028828935627509101692937690521536020805672135861643481846591389462684954714305462272 (n=117): root=1602, decimal_sum=1719, 1602 == 1719-117
✓ 948903646205535926592696886182212972387618596778700683195575515413111110255199872393806372284203279312552827529235497289325283088651975332132555531363053689215120414872509523518821626482599426083073033932903249975647837656570895868206755039133188315293737673281069855445613931067470561325483314390088303697951926294415268498300155337596548122957940817126693495865178836917363 (n=117): root=1603, decimal_sum=1720, 1603 == 1720-117
✓ 101776427758535363797615308253798862400913142680086523529913145123515348290096356457664933786610592019426902646345623475347521593777757492571838880345811558983479241345236929195969100779025059368492327963275905824040193296162426302792837501546081673007182625948408862254112525325900310244303951590692723395714076428644675978137885421392333355240789050100147505872882902622222900390625 (n=120): root=1555, decimal_sum=1675, 1555 == 1675-120
✓ 30143088660150263148444757980009144294035947669714442947644657144720724286037530132142621532225843119166105454693238001702534900536548594266637414036995127992476812101455423409333148043262964264357149452800226264449573880167952739591747856114117849363342141277206966059315719253781997341240227084691466111127441657069523960825850442737365173677451007625241528627765425855264478911355555445648453450554449 (n=126): root=1593, decimal_sum=1719, 1593 == 1719-126
✓ 1088800094484891134706055072484522827248762882075323480238560200611964716839807627743395195810736237900119673007548909793103947535963842476035683924581754267313082657830495160799855210519874374147225425756526590372995589607823620403107542260947846692120316074057562458914835185422812812711578446723029892872467453559053365857256427223133004753301101916891562250034770293036520964595315783010366890908393361 (n=126): root=1639, decimal_sum=1765, 1639 == 1765-126
✓ 23342939931222193182979174454100330184905958476356312842486078638567792727254649143573489723265035891514615993309609085905737157173301680508191816321678304563211464557489502602944348087081161722156456962051764078186523738884984821578696154004331041597747732209541783297206606131719603499718570887446444811531895902865425614463920844662989595089426337269873705036750167942677694077177818961649589756570135166976 (n=126): root=1774, decimal_sum=1900, 1774 == 1900-126
✓ 40292181356340514531892400538754740285153463151740458777682422142764661114865604322526443244363843986084532688126445164016550684765734197112709599954960312785185944641900396732391670722635125720934002824650647902471709374455188287555855546524157457398323177554428341681787104733163664094154098986444386977279035471453672986440054549430468071503994636150224051274193470817408524453639984130859375 (n=123): root=1615, decimal_sum=1738, 1615 == 1738-123
✗ 2605273^129 ≠ 441640853076252479626243703833253715362322336762351674858045997421435063512613496027405982985993920414128787411900937067451425580768360522386007529916119376049857914000845195857217904967095645958328995515316583377873424371884292843919433859992344292766319424544740587439095838517398124792238377612595009663148234382278398879143589437484476741113259418677637903993605818984065567870226422841510652209487104723696875954830914932220958293845509628056316359942041589909412950100867267660357525872946921771510261437639476982457744841398634856216404465772164980136221816100846964920817614314111195173674340406875952095416042065383842727273626591289456341815558163947776356853511831567947088706145975812822059195350374266912394388610273749868572440785500543468669956001941030406458468060258796240178803362250911355621216024314683326464
Parse error: - 126 (invalid literal for int() with base 10: '')
✓ 68589010040669597950238788434684630641732044722907078846268751492080769291085862884025432041290645225912562093508879402944978164576904384335876371014372628203671541817200175153580456382231526097017906637719583111756843347267210893618106481840899720879486500681240179663090632840474832516997034781993026525530209851205404762713734445800715836252756859651639964259837747065181947216039420308226048 (n=123): root=1622, decimal_sum=1745, 1622 == 1745-123
✓ 174259557067617939411972264559322108627528253270950789761047491200336171782714593518247252815485333746090500637539447855110123941148978556978441348688813833309224620163612274050140297566662532003324626633299116341266772174652370842429358901716636047418190184307625976434947868249206641986894817486737887371892547177460915799345299856630964599382013532776905207927736362297675071276206694451265661054996641858622333124608 (n=129): root=1778, decimal_sum=1907, 1778 == 1907-129
✓ 27504369855047708509620512209064262879436961245327865250384460772930471159412479984831567688399268778356220076127506770627472898076336322439761315872522633940603172144983412358704492074400371436311766628833377274897461894093242475491962098367058183862700558235042882240347232666916483750751097442692079063998236396662907356799335588499129860084400115593718045356489620937035809322284288786803924727 (n=123): root=1703, decimal_sum=1826, 1703 == 1826-123
✓ 16686364879896041666501480633062036750338754490598468027604658880080997595091360607937451728124640369552975589091903729246152345944056265382270224595522040308819563533537219804189557234290569211397688639162772796855191204178722750987546097539457675837486818816435728871359120978807082871312211350837758692755383689870436900535737758440240795303388592015774617848639800561674917692857510482124174062209260445642377366863872 (n=129): root=1842, decimal_sum=1971, 1842 == 1971-129
✓ 61015164640272482085443208711503438787798239757733300347792109079057503521544342884424722091360566126633126767020310578578803101973049064624281193548425042501387573716787327724855546893904745480989040056086119286849736831712097039293079086149816630825207529629349263191157697154379805906139651590574249109923518085584931802869890070009345273863120792610877200926565846452661938782200274643241691082930715391419841063031892699281 (n=132): root=1741, decimal_sum=1873, 1741 == 1873-132
✓ 160198936521474197706986078015929074216126590638191958820127804985382813379809422698617703913769147173047411762030217343328475615784731450344268615286905739775868525009944107472822155569679484411845302264288705368072096074547667979206917840583221285664943634441204363719280048292973940006151393256267653970421546466306403727116179382969366808338277015964498640884204293009205452283385582775746732685312184099884991710959174676381696 (n=132): root=1848, decimal_sum=1980, 1848 == 1980-132
✓ 304208464265670450280899127532789150807429068867751883962069076951691531908327244879005820931603271198814082761187784348932799309719178877459536910899197388664058914244539102198616682228508707766708251143393263390931425850055655325103195544458643266689874739248572004703138258922607277292466560032297859956554485072727994767523006383538403776205169210092958536770445441821686615361871762427882986159913294756401070143041275670764801 (n=132): root=1857, decimal_sum=1989, 1857 == 1989-132
✓ 32524227540312991935683361056654422137933178661771464732493096879994431468145821183853674852146983007932405833167009275387635384539158129115325358261568490457096678042030746863953118653245213476108683625407674167772518219429250894751195059624969524651020310059098536811692032000000000000000000000000000000000000000000000000000000000000000000000000000000000000000000000000000000000000000000000000000000000000000 (n=135): root=1080, decimal_sum=1215, 1080 == 1215-135
✓ 112869661344501435345063833504121513629142965925092058642695837834515096321959151319272664160322654553617865809620605829580282068930486587530738627287006485481000668149989377585607777499852185818268373550260854852108186105962546070931371419490560533214327287938008635370265349000000000000000000000000000000000000000000000000000000000000000000000000000000000000000000000000000000000000000000000000000000000000000 (n=135): root=1090, decimal_sum=1225, 1090 == 1225-135
✓ 56781456194464963039366363910579270173624138297579248048690643014149559904900404426828777673185414222117206677239289051687456471234682337277007272335881218246320356059425888276346402227856083000890479470588278033166825326424355105996195173072767975446609272892375367838016023979491911705784118795004167719916420094524058590361922035484387568523012220850780372009757548633327900811131721671688572037139050982319306641576291605776177152564849 (n=135): root=1809, decimal_sum=1944, 1809 == 1944-135
✓ 268286102563172749911928685064530266160999156734914445414948481320676291005344073816268226577472110557968872180506876722575235375546683447536266237846991339340584126266816451496667226520228100954920966170846774617721434701560595624608072797967664206995364050809330568990069577889797877716574602567640978705385954481602733114817760496835106980774602912614512437177894776711022671392729922529994835642333117672943781265342902630227856429600997376 (n=135): root=1926, decimal_sum=2061, 1926 == 2061-135
✓ 3501389668956898030865818755899192735865589432887219637692226247954696289471628191144847434797094376944619844766812541114177912925153532127383976570997345190374070868089483008277521613019600945475428257639443695471872583705184878527887587647136889794005127190608809425589321668652603832201269235159287419312481514239992389363884165283309134873318713217719883179138509289029922275274364316403475100339340480525335793892463101291086619466416387107 (n=135): root=1963, decimal_sum=2098, 1963 == 2098-135
✓ 20231301513883618331622102195966402857849583804059490161968619445955917331108379020991985578986007581191372266290417349051611522011711897953676705220575702359525317136042798391367701026081216069921405007875705506443594380107800522109553557092129322581382991249506455254458315500665235622486293879041533346076937257801553247487706832609920026971855535809601004249847773157420561106658881255120607532878646712436556509060914382092667327917436621859983009538627439 (n=141): root=1839, decimal_sum=1980, 1839 == 1980-141
✓ 10573553596984672852722900204679229965585843382657858249739564998137780154085019175750865230654541668158955996494554916302864844666126621951881706740959257333903401028728523059272302394375864080244952764786990571470500422558595784928096630709674954178791128165830953571473658923060063204045404100849617791811947538642660883447575274382422407212827785447818796541830201830953189439375459145594120697543570574895558049381640476025471121342366872715831406787441643616819 (n=141): root=2019, decimal_sum=2160, 2019 == 2160-141
✓ 70248329204393942726911921351431676644178467257437179393638048911793623981780795611700274897387159809292197137657198398703495331768761561255177463951919249306463130805982022530353330135479224638128911329772638461556481002396653010961736809451247053036211216287557866351614392583678024922649544924043285366070999785707176180774258206642830922093667559040189923787582472487857118612327912895781793372747371811534719387520507598332155983521589335335787503104171920886654237147136 (n=144): root=2016, decimal_sum=2160, 2016 == 2160-144
✓ 213278123684704339553672986221670898401047605024370074710645785481671056442237633412262064363943288162857943755418672350251275362355434460232401783916570351838456998726048806146587254692521258869303694607161138119809161993814123804096225856499914447246737837203923958670546761824155827749316210977429250136828048642228849644360267368030625664584335500906125185278604020135660969307121355509645027454554361631938128650281558386216413104625588648042057521231189423596602966370023681 (n=146): root=1919, decimal_sum=2065, 1919 == 2065-146
✓ 19102312878425115945619049975984119780678094190322442723474033112084622429530167168410529392909873196941439713042181515999842171389075708117198379578972594913246671083237407516458673475301425834060457393863825726952772195353928101161854230355709395765741938310639620711173385334403309047336285384547516604382731263100068662111688381868373902621736082902875371179227739787055355940198299289061746963496044220254129708745313574941324252746945261834274279091582557180253389629040184921 (n=146): root=1979, decimal_sum=2125, 1979 == 2125-146
✓ 7878890371642619600255878297762122135571403487080114658362103569567209356899496276035559909098358165597000222640962124126679373428492306346388882695909940720160481696488711485251563804799680400645930020832306067177930939520432306632613204160608100314606598380058321266302068726358216252877377819770947452856226495586653021401388142516854674407169069402968907856030312215387421414580293127216426740423263720336987572122376183077537550451128917124214640863677739938780369496952277041152 (n=147): root=1958, decimal_sum=2105, 1958 == 2105-147
✓ 497440949865625580218056206456920961896801430370052086246574021386882651328197248438541765959701533703263693761692110695201283506616868082608518822924502088872263161179987936357294261012526235959785117350666002218700833140752985170727793073573418369916539081218702287811715870956761903305047559293942167810038093529696175732177991783074594889027911142606038706922606224455958478989730362245485925835614536133112589120093717474939317647027423607513801398324358282371055539355673484591104 (n=147): root=2014, decimal_sum=2161, 2014 == 2161-147
✓ 3050227199055912200045939785828301404130125963687576283980625038435193586536103443247624332431146334462276676771236744097503601149403177355800860543465256474161756592255517962381855364629824095136829671199637043762264922223961631647258284673995597690912917691564785278673059530007246810512484983150485489837486524476359314874133456753368042275083337339025434717245707568937163651048119056569555346655517467691443398334017753244843641724632675581068651852315526164757963882749217147930279 (n=147): root=2039, decimal_sum=2186, 2039 == 2186-147
✓ 3244382336532665664592268801457408554122575960355191689345146175682597832173592321197614580544698406740936950800380309700966854886558702942997458894915488467502872017822873779783101965115198156150460426203603490569523706108353984855240486712783031738658221869692364561819362396104991962052943819570946375758653209857544984890676450364490137359183088277310493682820962204684464761191633217125199389505203058742081949684723823445423966522505785376274841983861034863704071280867888666448494592 (n=147): root=2138, decimal_sum=2285, 2138 == 2285-147
✓ 1219453164308626342266024572693740267655924318401384481722848007275559183683076471415894586277728160346575553499040010358345589573762249757073877317050148311363184414607274223206242972686249421771061239102465768096690121027761707053662208474329488728918587276144954791964274732020751755907318118874665187194705363588220256579070254639892240442464795174108475659830991264477122125742747648913603435877726100476603980112703270411682231791538866247736160233983259401333537864586413019097188405648370583231004672 (n=153): root=2062, decimal_sum=2215, 2062 == 2215-153
✓ 43237142172075449411135353638868564347787066978150186006042123191338405076568810878959844292326397658016728935941526351813628968356438051830311367275548640198593217313035491087759238962786404136598093658388023799368854398751834844479506072670853520999085768237405070968918813677827985500795063462419480598214730428498827619262018972827805806100379513564828346529558944275059022782686588768082782373364055729632387539617841176856265839132349808384815403556338264337687133194273724691147390976 (n=147): root=2176, decimal_sum=2323, 2176 == 2323-147
✓ 8294030584858492532007000558507872885497508541988760992305822305695143521300009980423806923666254187090117128363939663374095241819621520458894884971229709264207619928474418042532014520363149504770460022802384929278224396284310373356412781477184625793463112432721996376128507070827429115301532771801506281366253126746251298117257103475039359448955346994193785910817467686570368713740908836524142043729455554121721118706318727636790625886554397677145783562473524726912282232867079428812259432612573588936982528 (n=153): root=2088, decimal_sum=2241, 2088 == 2241-153
✓ 2311574318853400044867181182517591028909342932782636382342343807382928722951193801315886580222578744843555078898268328326704775719569676880979701689532111719692628715287001408489043091119167118568314707888638386414292775174481371529962296113323421056180488616163040380630935016344140591385990610135069295689879756845149497587181692864476406895541311005970172316931529085580029299973222868573486997719437581485372114696038712637606053154712785884029113295068561670501970373872551078427915166082065001 (n=150): root=2101, decimal_sum=2251, 2101 == 2251-150
✓ 121875654538021388688737399419465485629509142639111016686859184316790023620850209085405239104025717570524875906932719457824732968597610341732291480241399879742723527179362685695509831194071740066331083593904960239408186922842177902023727521461105702297993064511925958454763621797604769232003981923514963036270051407457818637452266056030059703995282537142295902975133996811206869652077535699737357318721216778901434367799700848693573656774606914464400722540604386803200949451753132279918645508587360382080078125 (n=153): root=2125, decimal_sum=2278, 2125 == 2278-153
✓ 12039893240806165770171631782489254811836990568140500550279312399547084289230729654886153297672585958107405607788476759935693526202617510776330744227887548121260813104353638196234189246648436363358553467557343476004240555958934494345410258859781637713867753281187771003463806213728662267939116107028317001298076397698485949626444483558513508118525370370998007180605848905507562009934302598943944042491424214411157111728541990542689071967096208959203684019287144231939461821393148836469318172541636202840617040955735410801 (n=156): root=2157, decimal_sum=2313, 2157 == 2313-156
✓ 301648439656987678724757038657381122020563777485259337411429067095359524043852532432582585437366008451060066150498589702594301125392533047899700039697699747634889605912326029237136958330184308944902256660396708566230231640976016687592487398681642010880805821736483481144768089077691687704853234394938054952431443560936217448413376740674542036632782694276780049400474620920428282906627366766059347186930553775650416460126129289891923620080718877072691549924413683756390990336865373737082377817930050220491540770356289601536 (n=156): root=2202, decimal_sum=2358, 2202 == 2358-156
✓ 65494192940260225772582753088898728351753719054196712501260748047701002931221106962490264046142853383106038654314436351292912767271074702428410946563499700012511086889126636295886838873815510670834645324143323444215180019687567239796980863410281129361775902952602719022355157881217242079516572032855706851735206393934212205214423804777590529000000000000000000000000000000000000000000000000000000000000000000000000000000000000000000000000000000000000000000000000000000000000000000000000000000000000000000 (n=162): root=1270, decimal_sum=1432, 1270 == 1432-162
✓ 1492141272111027532011821917311277037285104121803731336030822105231476643198422701617840466652336020188066341663177547012963645316451433634016309812664265291337914258421426038534392825048095881227659526675622170762433516744281140230223961687151200122040347143545752495501846047408529906901259335288049221366512036904988170550807300007608229909548860225090840206068253447202165579505689473499687639745883923388062268911174423539384421468759295330686820801005982234390757472014302958538138797307179327625741465858098496511472489 (n=159): root=2009, decimal_sum=2168, 2009 == 2168-159
✓ 89949911820354440308152260657429644559355127986142502877400612576041683874205135754227589905985162184202255416352556232282983643203251734672277911342971580398365283596034250825490624314303842616823498318287113386070375229930974897359035427120299137089157154098006494050226542368077371865427686617134654772038557848629425112026436297872740204759949291685585003081923890497651287068020114029372523890275796026837737667055510760088294866185478980897427721441621501757459992021770869302190838664335326704201630457893247534030141312217 (n=159): root=2153, decimal_sum=2312, 2153 == 2312-159
✓ 754926471400902128042496950075112408148430961462404852708951206175046586320409843438656129078677468707481512441222607151145322024420276703434657359863207151570833666029851147025497485849966530184097415263026135712222938072082586783692953143035847646658193636642303786522805965085306220001042814824578890791980272225296997379001122527824570658609637608817100864121487944538683261622079096329324322127659918224000688405544633781505455143735866187573672854376853988526429674234508268736055519788258285125973892567180565627608726765568 (n=159): root=2182, decimal_sum=2341, 2182 == 2341-159
✓ 36108936658013274276974154048123435802031890455053660867191885660095747840090158087410565775771607200301309125769153568071904728187367508175972909166573018756937054869256964532695203904247659040758505681480879057875673847873693055015363944044961666342439532472805583640284196001751527980938867854024767379838509830666629488937370782619038354639622361918270739112398469577421664790739918099212616986325694897204939960430938657478631215493808229673036649286694268054900451111270604059548988400293011158392886272849864326417446136474609375 (n=159): root=2335, decimal_sum=2494, 2335 == 2494-159
✓ 4515422094737869700786888577766167577930365415350223278366546371118670837577310363359460111980247071922742729143704774485584513951974364339383099197779275556433752043356839604712244727552179450866874212028995833808230208524925687937431486718938944159947348876467858168759756461231580373615677495390195163354990420836978259945170525761451693115927553044860765794670696720151367688386640542855030835987617701612329334718767791658026536580095943376581998311274231956983849310099777458944042690650871471824129698602665555745285365917139443543 (n=159): root=2407, decimal_sum=2566, 2407 == 2566-159
✓ 89236874449368742009857885869962431956085864918699687232386388462735133174241757836513513796030901302901243844023040366106989876011050673341480707436441485823944634270861941428174539122398810239826072666905681736900551972077747001624397167118888108188327974393648928096330294692126987015175329958415460112982850182877445720381346808823033598029190311842184201672338708316782809278033989092940768676490734816319765733316609153371224040399303545208267651891123190613718224129400033720207449317594192357040727703321181252249516546726226806640625 (n=162): root=2215, decimal_sum=2377, 2215 == 2377-162
✓ 1215710562709077976896787381241654047565049954269661063159948404293394120365087041733197347540574348160136145129957415356250727047121120022962230661811212391899119745277991724570332253674382222296568871971822447367116977801608472668985018139850167857750683582583703423535560566562810857819575788254410188987031192952772103255657647759842017114602731143860841259992088343339601558859206767576644567599372702156094207203282577171867857041080785316117644324596678636340694633010781458073495325673156638446257096038811488692020816991024504770427001 (n=162): root=2251, decimal_sum=2413, 2251 == 2413-162
✓ 11127321545483795586946398040088307616739080176103221652554422037577917197768396793544306422852091124223131436003829384141581241069152615416770148018849506412770460943635317374885236472774452045421384586731625386026376472255876594619398165805003370973165051559037961058312638546267731407507903814307496837232996471925190022397883573320391902835211683624280770969770360402077378521189422196389544995855869040651364244857805355054541509096285870544321124898531271115990191406340918724665482402729013290679188155388015414963623923045197339087473191596064768 (n=165): root=2248, decimal_sum=2413, 2248 == 2413-165
✓ 1210733942769158751049138208766789330283181679298924395786498036661382056553764818426832401461332108617931516839461393640162033446736843544307274375139160504052039996310599908983783467639422780725793114760933157293928929459509674519399992998688124308535099478994051741441939473281365387012251797066771491985121409537076032677630792586467548399962805162412557115873201218042680636942344725496792187233026908218708734103454194292144119060079464450756881367360171013588886774774626768270056471008857059476427785685109006213268897149231327683648541801 (n=162): root=2349, decimal_sum=2511, 2349 == 2511-162
✓ 23905640915077868828324471737702155496350356637516843196730132679609422830202694887020476050912838289651311621168088555902299506861675067332396997360020629023644175821626795246219974142575298613013705681795664845716410581979594785685244999422104608674397864639951317521504918849827930485053740274785117084134938486793724657946771172551022851966902811040501481950198673128607245116316166037219485023882949866579702402178854789238497285780112784604206123905937715409050029595224469071353557726558322656794850289750198162053163031259828130714595317840576171875 (n=165): root=2355, decimal_sum=2520, 2355 == 2520-165
✓ 18883272018440459731751830641617270027985035572981640118993919240333561531754290788893241691440063713471903147389010217193884994687124777644179139907118283666412072717470805805997329133170028025940260823380624981727197381172432939265937594080137737287323802009123546902652798515046183986330672793152568281678607819697447327108144639823503244488509987503651108652096219822670849745260582843509011570359358990178164673642988850021438698851237136093724054030139954560700715275668242410564841326799108499980074402735010365418841004602362803924496321258214596138653188096 (n=168): root=2316, decimal_sum=2484, 2316 == 2484-168
✓ 38943174075042266414436670635874814071050766453101478865141205720539901088356665321245823315673067769611752622110581250521984153610278472540113034455483246478906267159489994493333494211498743309338649023452467775643278726347846306642665563057167543120091074557473271559156821204810954003603131823038304081715745711348970370002914702517833155973969926532753937876330871765356970146220735545879261108248765371318879983125044853625761921895483601600978574198706755505596175677204219394833704517248062573654519897873976130593123736115751767806631903646493408992455294976 (n=168): root=2326, decimal_sum=2494, 2326 == 2494-168
✓ 13867201589869318399768282666074108171049129726398101217122797031230405739596007399943691762019321096931101295816245853384457585046300038865708832908415054205671916228628541745759136422279650421284257756736507465817376099217319448486442415454526378371874035438012009758405981420536033221192022360013542397926320433906198916093757867833037827798541992815672228949929456666963423601000000000000000000000000000000000000000000000000000000000000000000000000000000000000000000000000000000000000000000000000000000000000000000000000000000000000000000000000000000 (n=174): root=1510, decimal_sum=1684, 1510 == 1684-174
✓ 47232232806007813907507551844524203603455474795402127787036904997449960954341995933185706777203263883859193936413087557947438806351348702043903210280330246206106189183859587879136988085346202105593468750364471830541638643292421647800629120123011992232838468757492563895328393393441552943522723625688105415244000947997297641456505370587846996775904746691834371165863224489083234600580945757000000000000000000000000000000000000000000000000000000000000000000000000000000000000000000000000000000000000000000000000000000000000000000000000000000000000000000000000000000000 (n=177): root=1570, decimal_sum=1747, 1570 == 1747-177
✓ 103433248437264183311339780285225606512943398388695666448311032995082283111715964901122277296464927109281532000873155433671417421621248972883732854620708565193113973123384683671108048619914359933959519483154118285637696633885436900040436819924475899152933112542960507609347888690362430891975259932042910346272245770045687035000015094694287047815210185759047950112221928768432755712435726297147560751402279885335858647106230956130152816962830603237014225723607005396400370025422732302227691095139530226368285494008992705278589723986288558860645767968133734283741681629172549711567012233216 (n=174): root=2364, decimal_sum=2538, 2364 == 2538-174
✓ 809291598133420003007099927845341368710956683475612833534846438031902451058972258940171592675194195638463190885545849142108373650835402036334482226697846955128479208094750997167402094555955782867695252819827152879718948491706692043641062672414966088641979996021113351253287319812095221283894331815676930664622166479188151150704551389670507051826924612054539407121509939970081990285885725384582133243540233916809207792917996549906237767720212192809189986034316816516425415240015471365204512569256623019869600336430519337056505813196685686289599801004731450558612183663950296929029 (n=171): root=2429, decimal_sum=2600, 2429 == 2600-171
✓ 206800696121540134131407048890988936995424102387224977132241602178067241300452140408369040381995116022583095889272267949222064150117565070537535329016816598296040144038719734341446253504638472719331787967261341678590383537005426946987843764724596570735347929774860273451521003217354277130347398996762536741282184424945268433754854707745544302480148184377762637408261186132765719178786122602913241735657553845500128905544027917276651501257236872222755883043327964483689485949779083500679673463755968596314638261148406279095611303335066800570368228271634217175390934370693236713939713004380371321618432 (n=177): root=2432, decimal_sum=2609, 2432 == 2609-177
✓ 569262532598690337785082710691578452732773958501066724240183911126614528509194761214490532986407325187074038676951795702418242990018637370736782697781002699355803459162884377044582361644670297876936893908590714519134984230879693447753581827409186204315948919731074139321448177809017791660549682686018892138249140915478434644915759183903003772579357911289734030248100333927861027602052083592545241842986810481768181873405895184956388550504955866065539795655181152315729390772597323215624828300245239464905893331767166282784250237470946271529114626731042706915069632783008235458633065831403463110069985673034571186176 (n=180): root=2602, decimal_sum=2782, 2602 == 2782-180
✓ 21105263049689992582909798512944437174080583079157243593142947067472356598999436993773472609779672746789410008553172306472110740466529611983019345676557459037501859512171440148388556138944187871371527146561716684209330877073518655153062617087813380922584585533698665444808112492717902031947048691973537617839533159635484895715139648113908767793695240486484866269919386122058763343491302518680727852672800312900000000000000000000000000000000000000000000000000000000000000000000000000000000000000000000000000000000000000000000000000000000000000000000000000000000000000000000000000000000000000 (n=182): root=1730, decimal_sum=1912, 1730 == 1912-182
✓ 58809030439752530411506873146660118411194723313932148066662370167910412713063315145442147479356324593828855974673082412550647041405973622870853624283338197325554219388393053520398314508980660645220924673890880742304467613203703950683456337789544306104689701535535033030162526449203203266518054323017417629977168548612217946140552194934109370794194044808169454119684681476057324753163128135539869806643583480210142129145252361000751169512995862777953831110046586173272619981980327314535120845413537314367048610246532993825320124351921502468261281111733091257741721202028319824893127793226190956544919533147419433449 (n=182): root=2357, decimal_sum=2539, 2357 == 2539-182
✓ 765850974141872070772095928978059340964022765063907735980312343937842121322075743199258586850204447230734495579916046196629221921136600194118997208971192868229221499175807213889371552321364965465371099132414543933587114739902688133719858200087816713383099662161260457852203834143339021859468521977026698605513684006766234593250482938760748040796425672323755279072966858950577298239063564170723460474021200554136527036694048325353764397111224702166805747697363815429035206067335802808754931376630786233613609916925709925683580535575250636113206000957786800500778358108471814882433065579548960088435836211669138353924774841 (n=182): root=2579, decimal_sum=2761, 2579 == 2761-182
✓ 261548535066914182437224636160825890239993852544223251371210760185004805331819183667289798606260938995230286528716044721200525870457588135478388415024741838620500764727186617788680376636447926932903888960744194310268163648031609458045124412550909666140555759919959411794422821509049484894766295495387374237469742667825148520795836243181740797184623418073384350464444680464423815591191665261092441392008249192875501312335033673049903000877919367142142889820311035695611868976878099651388657138610159947115735248725286122954688279800081802998408883559087363839224622824103947941586883166086873250018130859292967281882952572369 (n=182): root=2663, decimal_sum=2845, 2663 == 2845-182
✓ 321030580559406499449400261389182396891123134703221024122540224266852409318918594016868875854562547266494324579444625727526599479804044244971519712047845927712060325504817157124277474901540929276569010329043102076822977250857817026233736095662550310643893172740863443776067721159147126409957610816070833955833123153624726317221403486120227393945129744766717453650668368086417788049393719682075894433899974053529859683863807885917187833057543163390540174634014715056549778142359496790364055267659281334844008108874068282983684052868785381469776689603150133335498577184769692964642299209436359598739793235912256741975319904256 (n=182): root=2666, decimal_sum=2848, 2666 == 2848-182
✓ 3012485667087991977132582270571419592060330869478840177071900272649617974518959059199385341358995132404669449020910039685157645789682816954208589338178916648502146334002397447167563182111992418046363282529569676879781057079085984437256842036233138004315180606558074044801852424953292778013650393659564085971586934501060734848998612736010016474577594245207509506184415838738821936802853551550783537540758634815928105966425248869664718936297172257973517597313556119900409989789160775318896763775169198701744650115399107208281268205422406070082133376955577191334347328367462990118524996522657594510025494136938166501681993098601 (n=182): root=2699, decimal_sum=2881, 2699 == 2881-182
✓ 1118613421007424889331437039931449775526076663780829842686446747527668314964834007748100648839165934562215454281820410628424880053184653147841290049930987178109122069181022847465970347953372542203412462735994338682672181975895653066925935819115057544375879029492293674191907085847680029947400892188265270490158350184234413556506747571251809115037066126280558314647528469197176825786617970009597330390285221222939748347002866069090883800666393083565561734782069320890581500923134233648722988230387086659271589111157449368696813666364286622438432591853526244403931198332293744515180191192417764202813983061484101645388611003011 (n=183): root=2571, decimal_sum=2754, 2571 == 2754-183
✓ 304775586130420396358882528935813959161970183612970468460844938532012883563600962098948309624620891945182462985919341091239108891240056742761202839014216838536473976052303226229604442886566474396844117353708647172798794385266922054539526192058597867798123725741465737961802316584465679354259667817194798816259478000579763628329455117686483140888411287031901457593635539622241545885063944554987783203154270157091270054837603285378788290321742472570618137868047485631327834301035608762320261848672200396797614307405189988527095210011275573587667299970055688306401407296160292172116709620364242585351735033652386833494944363302451 (n=183): root=2651, decimal_sum=2834, 2651 == 2834-183
✓ 3850839180117829795042982458967846298813170567963006960348848429203792486923669191691867763842585930260955995316967015604089651852300866884821011484346402155561885270454928642279566781975806502552865587492046971452151312077229220972011442851908691812337613490037918537214616921471506416677798579881134674249571346038866449730071340279731110984911350551620247958870480035441862091566978742952994789826779298418913179109947851610325819491696764061458085207992443516931703983293726024956692565808752124307684458777863407932421045052431086176557738524175806870042996808031345797574371613307118642301046276100839311353846809936003072 (n=183): root=2688, decimal_sum=2871, 2688 == 2871-183
✓ 1494121772214661899135883094853403757400503361443956975646388228778367760984517256789354591020076052664163677759619049951340050476880429621047720632911449961863940358171569284617884316432096492766130849067946175834569747810205041840819580908892175441687378339612907495363429448447629145252461366851705967472203357390134659126745395496829311995206227634666980009919703549635845297642342394377684494089316443549922784164938275373864558880771533924056055795467093169342697777916431449026083149216878043047875342604819507854826965298981399671353040850145536940742233885300649079638960701367984197818231826730580178520572653378158801833 (n=183): root=2777, decimal_sum=2960, 2777 == 2960-183
✓ 107040804942447910327471524822698612760206938483420583479694022851205243149033242222728113866904341874113727028836499418556607874523343031314684847446017056799705812671627830075184266883144882856474238929081092633916966802942793961352368611082386212778399197439303865984027533945882903307022036589048100633416059173887896925833031583071649180503688126920421659352444632726951328798432711565315505526642741865463820743022068171428272867360564412333712047016834043142566823342860339341887735972755904830603557111786706663454582492183483565717422089987269978110863856630721680915436065655735203860400572839495225707651115953922271728515625 (n=186): root=2595, decimal_sum=2781, 2595 == 2781-186
✓ 151044654995945980511851590290454403165440504444704763158226183602778069353361488547014985426733590541361944852371745030338835826941137322935208360651300466725313621775468386571633523309732968633066127152601573320946241504003235884820246825108661413939233238415212244204241436632032088546705671152768917669702837360407695504674581696371231259136001960209113013979720876290306189922983077935229623273609410716735228421040452632223705834590944837470370440048829987022825876943444350507414499166107368672624018338926496741922579597889066162979612293142999995572566819127138680358479812910969355221906214664156298698788767481436678187062763788431261696 (n=189): root=2656, decimal_sum=2845, 2656 == 2845-189
✓ 6299480141348376438547853203437949598217323792778550316000917037259504889211080747562931474997678610676253992457197747883126664367195385677735457947403852735356233117681206397389851376253191437955933907861418348677100077785592874158090869886311771652325647832979361876377911017096871888662873984155103150664123110066525940481218278538203701541729207798843087538009528571342909413317779858064293998842517709644165016953697820292903987691072414913666041268824575298807970229956470925024597724915154448576920540562653776199024176860958710648358920199727133788416130316306281555058416869967729793863857260428140194002978350779300816857923538912849 (n=186): root=2857, decimal_sum=3043, 2857 == 3043-186
✓ 53597152718385096799326264449684416331601750491083492575185021953657698622809350585702317832371856996006140717953403757391128597034774755450780865210903204220428250972328267893335825707442293141475111607190888062907221301631732675012994594545482361445779080182484788639829814566873309054091795102384297020224139310327817511875122689419011922778219715607246987017357980825882985061586684468415149608687442085501653398721792146462290009375022615103096049294683314535550460128902831604615242009745629539947855973961568850527659386270870414201922316443295432794660891338583328304092417756992905092082910012569198592898455357552710750063911541060275908260066250241 (n=192): root=2697, decimal_sum=2889, 2697 == 2889-192
✓ 15724988956129542575121274531343327766493055991357600944996356791959565661193641917290257701446050882427303620666324484399449247428941222017700108753652352479146801827367589501430538712229468343679004608159480326497176602986480931076293455736699847614734487496921362954281894827361538030936844216556315788283771476878298842247128716651394222430415960917434245639725779710110049195807390718283941727236527256843371211517742521946584551841014511537832279876636939722942411418291075603739018448137158202655067081701763412678264993549610391897989469527336248555579104508067505094104159305160436536152136513930529569672819410437622193056349681670347350647786770006016 (n=192): root=2778, decimal_sum=2970, 2778 == 2970-192
✓ 678175830533918439201227005418419101952393803957374031170314246059437859042297788674895898820437773230346553969711938220130113310811263397025400734768099154970096395450806924461994524063898399168357511876670550897669822585938577209087064436382438122358892320497234621606677882017448357870041628421223689463645451676373573602441520811601124873515553282572439782154805208841588376575543964376715227112286340625498331903222606614458501399433447561648166966247787559538953998335006863826429954446286748843157253446071263021001550157142417356003267739423740119647683718881667085599383717089688888555860982928957956660578039907863826629411511511233529266459188584770561 (n=192): root=2833, decimal_sum=3025, 2833 == 3025-192
✓ 1246872738176340161246619664770248052971522247684420270424044199983209743089809392823196365897924049544336271537855142531268783729174691253259088276904339244666646702056059631845690180104967260524359928216968140534633872928456823061607293543740648261610794547110416340871914897444618192547018676062039867601628548558215638689155539091025766622823780671995639148798603616893862326278911173222821474547826699209981289719400208888857803764574946429670425070334930086469887563493806772794523828267049275763760626339281680880725210130120613686050876611273162200771952766458995926984401063016771523068862429533944738566828264950130814858693124849164029005146594251636736 (n=192): root=2842, decimal_sum=3034, 2842 == 3034-192

============================================================
Results: 223 passed, 6 failed
